@nix { "action": "setPhase", "phase": "unpackPhase" }
Running phase: unpackPhase
unpacking source archive /nix/store/hszf9cy2nwf57i0gvq4al3y41g5xs8cf-017bmdph9l7dg104pj1k76111zc4ra00-source
source root is 017bmdph9l7dg104pj1k76111zc4ra00-source
Executing cargoSetupPostUnpackHook
Finished cargoSetupPostUnpackHook
@nix { "action": "setPhase", "phase": "patchPhase" }
Running phase: patchPhase
Executing cargoSetupPostPatchHook
Validating consistency between /build/017bmdph9l7dg104pj1k76111zc4ra00-source/Cargo.lock and /build/cargo-vendor-dir/Cargo.lock
7c7
< version = "0.2.29"
---
> version = "0.2.28"
9c9
< checksum = "ec3672c180e71eeaaac3a541fbbc5f5ad4def8b747c595ad30d674e43049f7b0"
---
> checksum = "79faae4620f45232f599d9bc7b290f88247a0834162c4495ab2f02d60004adfb"
913c913
< version = "1.8.0"
---
> version = "1.7.1"
915c915
< checksum = "bcfcc3cd946cb52f0bbfdbbcfa2f4e24f75ebb6c0e1002f7c25904fada18b9ec"
---
> checksum = "0cc8b54b395f2fcfbb3d90c47b01c7f444d94d05bdeb775811dec868ac3bbc26"
1004c1004
< version = "1.1.28"
---
> version = "1.1.23"
1006c1006
< checksum = "2e80e3b6a3ab07840e1cae9b0666a63970dc28e8ed5ffbcdacbfc760c281bfc1"
---
> checksum = "3bbb537bb4a30b90362caddba8f360c0a56bc13d3a5570028e7197204cb54a17"
1095c1095
< version = "4.5.19"
---
> version = "4.5.18"
1097c1097
< checksum = "7be5744db7978a28d9df86a214130d106a89ce49644cbc4e3f0c22c3fba30615"
---
> checksum = "b0956a43b323ac1afaffc053ed5c4b7c1f1800bacd1683c353aabbb752515dd3"
1105c1105
< version = "4.5.19"
---
> version = "4.5.18"
1107c1107
< checksum = "a5fbc17d3ef8278f55b282b2a2e75ae6f6c7d4bb70ed3d0382375104bfafdb4b"
---
> checksum = "4d72166dd41634086d5803a47eb71ae740e61d84709c36f3c34110173db3961b"
1450c1450
< source = "git+https://github.com/pop-os/cosmic-comp#a96394f7a6fd1d96289e319650e3f17b873cbfb0"
---
> source = "git+https://github.com/pop-os/cosmic-comp#afdb65677857946b403043f04ca083810639e4e5"
1460c1460
< source = "git+https://github.com/pop-os/libcosmic#173a9557c2f03bc5fda132e884c11bf8661256ff"
---
> source = "git+https://github.com/pop-os/libcosmic#228eb4d70d581be88bacb1e261106a58603d847b"
1482c1482
< source = "git+https://github.com/pop-os/libcosmic#173a9557c2f03bc5fda132e884c11bf8661256ff"
---
> source = "git+https://github.com/pop-os/libcosmic#228eb4d70d581be88bacb1e261106a58603d847b"
1538c1538
<  "indexmap 2.6.0",
---
>  "indexmap 2.5.0",
1587d1586
<  "fontdb",
1596c1595
<  "indexmap 2.6.0",
---
>  "indexmap 2.5.0",
1619d1617
<  "ustr",
1737c1735
< source = "git+https://github.com/pop-os/libcosmic#173a9557c2f03bc5fda132e884c11bf8661256ff"
---
> source = "git+https://github.com/pop-os/libcosmic#228eb4d70d581be88bacb1e261106a58603d847b"
2563c2561
< version = "0.3.31"
---
> version = "0.3.30"
2565c2563
< checksum = "65bc07b1a8bc7c85c5f2e110c476c7389b4554ba72af57d8445ea63a576b0876"
---
> checksum = "645c6916888f6cb6350d2550b80fb63e734897a8498abe35cfb732b6487804b0"
2578c2576
< version = "0.3.31"
---
> version = "0.3.30"
2580c2578
< checksum = "2dff15bf788c671c1934e366d07e30c1814a8ef514e1af724a602e8a2fbe1b10"
---
> checksum = "eac8f7d7865dcb88bd4373ab671c8cf4508703796caa2b1985a9ca867b3fcb78"
2588c2586
< version = "0.3.31"
---
> version = "0.3.30"
2590c2588
< checksum = "05f29059c0c2090612e8d742178b0580d2dc940c837851ad723096f87af6663e"
---
> checksum = "dfc6580bb841c5a68e9ef15c77ccc837b40a7504914d52e47b8b0e9bbda25a1d"
2594c2592
< version = "0.3.31"
---
> version = "0.3.30"
2596c2594
< checksum = "1e28d1d997f585e54aebc3f97d39e72338912123a67330d723fdbb564d646c9f"
---
> checksum = "a576fc72ae164fca6b9db127eaa9a9dda0d61316034f33a0a0d4eda41f02b01d"
2606c2604
< version = "0.3.31"
---
> version = "0.3.30"
2608c2606
< checksum = "9e5c1b78ca4aae1ac06c48a526a655760685149f0d465d21f37abfe57ce075c6"
---
> checksum = "a44623e20b9681a318efdd71c299b6b222ed6f231972bfe2f224ebad6311f0c1"
2640c2638
< version = "0.3.31"
---
> version = "0.3.30"
2642c2640
< checksum = "162ee34ebcb7c64a8abebc059ce0fee27c2262618d7b60ed8faf72fef13c3650"
---
> checksum = "87750cf4b7a4c0625b1529e4c543c2182106e4dedc60a2a6455e00d212c489ac"
2651c2649
< version = "0.3.31"
---
> version = "0.3.30"
2653c2651
< checksum = "e575fab7d1e0dcb8d0c7bcf9a63ee213816ab51902e6d244a95819acacf1d4f7"
---
> checksum = "9fb8e00e87438d937621c1c6269e53f536c14d3fbd6a042bb24879e57d474fb5"
2657c2655
< version = "0.3.31"
---
> version = "0.3.30"
2659c2657
< checksum = "f90f7dce0722e95104fcb095585910c0977252f286e354b5e3bd38902cd99988"
---
> checksum = "38d84fa142264698cdce1a9f9172cf383a0c82de1bddcf3092901442c4097004"
2663c2661
< version = "0.3.31"
---
> version = "0.3.30"
2665c2663
< checksum = "9fa08315bb612088cc391249efdc3bc77536f16c91f6cf495e6fbe85b20a4a81"
---
> checksum = "3d6401deb83407ab3da39eba7e33987a73c3df0c82b4bb5813ee871c19c41d48"
2922,2927d2919
< name = "hashbrown"
< version = "0.15.0"
< source = "registry+https://github.com/rust-lang/crates.io-index"
< checksum = "1e087f84d4f86bf4b218b927129862374b72199ae7d8657835f1e89000eea4fb"
< 
< [[package]]
3088c3080
< source = "git+https://github.com/pop-os/libcosmic#173a9557c2f03bc5fda132e884c11bf8661256ff"
---
> source = "git+https://github.com/pop-os/libcosmic#228eb4d70d581be88bacb1e261106a58603d847b"
3107c3099
< source = "git+https://github.com/pop-os/libcosmic#173a9557c2f03bc5fda132e884c11bf8661256ff"
---
> source = "git+https://github.com/pop-os/libcosmic#228eb4d70d581be88bacb1e261106a58603d847b"
3116c3108
< source = "git+https://github.com/pop-os/libcosmic#173a9557c2f03bc5fda132e884c11bf8661256ff"
---
> source = "git+https://github.com/pop-os/libcosmic#228eb4d70d581be88bacb1e261106a58603d847b"
3138c3130
< source = "git+https://github.com/pop-os/libcosmic#173a9557c2f03bc5fda132e884c11bf8661256ff"
---
> source = "git+https://github.com/pop-os/libcosmic#228eb4d70d581be88bacb1e261106a58603d847b"
3151c3143
< source = "git+https://github.com/pop-os/libcosmic#173a9557c2f03bc5fda132e884c11bf8661256ff"
---
> source = "git+https://github.com/pop-os/libcosmic#228eb4d70d581be88bacb1e261106a58603d847b"
3175c3167
< source = "git+https://github.com/pop-os/libcosmic#173a9557c2f03bc5fda132e884c11bf8661256ff"
---
> source = "git+https://github.com/pop-os/libcosmic#228eb4d70d581be88bacb1e261106a58603d847b"
3187c3179
< source = "git+https://github.com/pop-os/libcosmic#173a9557c2f03bc5fda132e884c11bf8661256ff"
---
> source = "git+https://github.com/pop-os/libcosmic#228eb4d70d581be88bacb1e261106a58603d847b"
3201c3193
< source = "git+https://github.com/pop-os/libcosmic#173a9557c2f03bc5fda132e884c11bf8661256ff"
---
> source = "git+https://github.com/pop-os/libcosmic#228eb4d70d581be88bacb1e261106a58603d847b"
3227c3219
< source = "git+https://github.com/pop-os/libcosmic#173a9557c2f03bc5fda132e884c11bf8661256ff"
---
> source = "git+https://github.com/pop-os/libcosmic#228eb4d70d581be88bacb1e261106a58603d847b"
3237c3229
< source = "git+https://github.com/pop-os/libcosmic#173a9557c2f03bc5fda132e884c11bf8661256ff"
---
> source = "git+https://github.com/pop-os/libcosmic#228eb4d70d581be88bacb1e261106a58603d847b"
3254c3246
< source = "git+https://github.com/pop-os/libcosmic#173a9557c2f03bc5fda132e884c11bf8661256ff"
---
> source = "git+https://github.com/pop-os/libcosmic#228eb4d70d581be88bacb1e261106a58603d847b"
3283c3275
< source = "git+https://github.com/pop-os/libcosmic#173a9557c2f03bc5fda132e884c11bf8661256ff"
---
> source = "git+https://github.com/pop-os/libcosmic#228eb4d70d581be88bacb1e261106a58603d847b"
3300c3292
< source = "git+https://github.com/pop-os/libcosmic#173a9557c2f03bc5fda132e884c11bf8661256ff"
---
> source = "git+https://github.com/pop-os/libcosmic#228eb4d70d581be88bacb1e261106a58603d847b"
3818c3810
< version = "2.6.0"
---
> version = "2.5.0"
3820c3812
< checksum = "707907fe3c25f5424cce2cb7e1cbcafee6bdbe735ca90ef77c29e84591e5b9da"
---
> checksum = "68b900aa2f7301e21c36462b170ee99994de34dff39a4a6a528e80e7376d07e5"
3823c3815
<  "hashbrown 0.15.0",
---
>  "hashbrown 0.14.5",
4112c4104
< source = "git+https://github.com/pop-os/libcosmic#173a9557c2f03bc5fda132e884c11bf8661256ff"
---
> source = "git+https://github.com/pop-os/libcosmic#228eb4d70d581be88bacb1e261106a58603d847b"
4147d4138
<  "ustr",
4179c4170
<  "windows-targets 0.52.6",
---
>  "windows-targets 0.48.5",
4591c4582
<  "indexmap 2.6.0",
---
>  "indexmap 2.5.0",
4854c4845
<  "proc-macro-crate 3.2.0",
---
>  "proc-macro-crate 1.3.1",
4932c4923
< version = "1.20.2"
---
> version = "1.20.1"
4934c4925,4928
< checksum = "1261fe7e33c73b354eab43b1273a57c8f967d0391e80353e51f764ac02cf6775"
---
> checksum = "82881c4be219ab5faaf2ad5e5e5ecdff8c66bd7402ca3160975c93b24961afd1"
> dependencies = [
>  "portable-atomic",
> ]
5003c4997
< version = "0.25.0"
---
> version = "0.24.0"
5005c4999
< checksum = "22ec719bbf3b2a81c109a4e20b1f129b5566b7dce654bc3872f6a05abf82b2c4"
---
> checksum = "490d3a563d3122bf7c911a59b0add9389e5ec0f5f0c3ac6b91ff235a0e6a7f90"
5007c5001
<  "ttf-parser 0.25.0",
---
>  "ttf-parser 0.24.1",
5262a5257,5262
> name = "portable-atomic"
> version = "1.9.0"
> source = "registry+https://github.com/rust-lang/crates.io-index"
> checksum = "cc9c68a3f6da06753e9335d63e27f6b9754dd1920d941135b7ea8224f141adb2"
> 
> [[package]]
6033c6033
<  "indexmap 2.6.0",
---
>  "indexmap 2.5.0",
6062c6062
< version = "3.11.0"
---
> version = "3.9.0"
6064c6064
< checksum = "8e28bdad6db2b8340e449f7108f020b3b092e8583a9e3fb82713e1d4e71fe817"
---
> checksum = "69cecfa94848272156ea67b2b1a53f20fc7bc638c4a46d2f8abde08f05f4b857"
6070c6070
<  "indexmap 2.6.0",
---
>  "indexmap 2.5.0",
6080c6080
< version = "3.11.0"
---
> version = "3.9.0"
6082c6082
< checksum = "9d846214a9854ef724f3da161b426242d8de7c1fc7de2f89bb1efcb154dca79d"
---
> checksum = "a8fee4991ef4f274617a51ad4af30519438dacb2f56ac773b08a1922ff743350"
6563c6563
< version = "0.1.14"
---
> version = "0.1.13"
6565c6565
< checksum = "bc1ee6eef34f12f765cb94725905c6312b6610ab2b0940889cfe58dae7bc3c72"
---
> checksum = "1f227968ec00f0e5322f9b8173c7a0cbcff6181a0a5b28e9892491c286277231"
6824c6824
<  "indexmap 2.6.0",
---
>  "indexmap 2.5.0",
6835c6835
<  "indexmap 2.6.0",
---
>  "indexmap 2.5.0",
6927c6927
< version = "0.25.0"
---
> version = "0.24.1"
6929c6929
< checksum = "5902c5d130972a0000f60860bfbf46f7ca3db5391eddfedd1b8728bd9dc96c0e"
---
> checksum = "5be21190ff5d38e8b4a2d3b6a3ae57f612cc39c96e83cedeaf7abc338a8bac4a"
6990c6990
< version = "0.3.17"
---
> version = "0.3.15"
6992c6992
< checksum = "5ab17db44d7388991a428b2ee655ce0c212e862eff1768a455c58f9aad6e7893"
---
> checksum = "08f95100a766bf4f8f28f90d77e0a5461bbdb219042e7679bebe79004fed8d75"
7041c7041
< version = "0.1.3"
---
> version = "0.1.2"
7043c7043
< checksum = "e70f2a8b45122e719eb623c01822704c4e0907e7e426a05927e1a1cfff5b75d0"
---
> checksum = "52ea75f83c0137a9b98608359a5f1af8144876eb67bcb1ce837368e906a9f524"
7104,7116d7103
< name = "ustr"
< version = "1.0.0"
< source = "registry+https://github.com/rust-lang/crates.io-index"
< checksum = "7e904a2279a4a36d2356425bb20be271029cc650c335bc82af8bfae30085a3d0"
< dependencies = [
<  "ahash 0.8.11",
<  "byteorder",
<  "lazy_static",
<  "parking_lot 0.12.3",
<  "serde",
< ]
< 
< [[package]]
7550c7537
<  "indexmap 2.6.0",
---
>  "indexmap 2.5.0",
7646c7633
<  "windows-sys 0.59.0",
---
>  "windows-sys 0.48.0",

ERROR: cargoHash or cargoSha256 is out of date

Cargo.lock is not the same in /build/cargo-vendor-dir

To fix the issue:
1. Set cargoHash/cargoSha256 to an empty string: `cargoHash = "";`
2. Build the derivation and wait for it to fail with a hash mismatch
3. Copy the "got: sha256-..." value back into the cargoHash field
   You should have: cargoHash = "sha256-XXXXXXXXXXXXXXXXXXXXXXXXXXXXXXXXXXXXXXXXXXX=";

